Component: ARM Compiler 5.06 update 7 (build 960) Tool: armlink [4d3601]

==============================================================================

Section Cross References

    main.o(.text) refers to stm32f10x_rcc.o(.text) for RCC_APB2PeriphClockCmd
    main.o(.text) refers to stm32f10x_gpio.o(.text) for GPIO_Init
    main.o(.text) refers to bme280.o(.text) for readTrim
    main.o(.text) refers to delay.o(.text) for delay_init
    main.o(.text) refers to misc.o(.text) for NVIC_PriorityGroupConfig
    main.o(.text) refers to lcd.o(.text) for LCD_Init
    main.o(.text) refers to adc.o(.text) for Adc_Init
    main.o(.text) refers to nvic.o(.text) for KEY_INT_INIT
    main.o(.text) refers to millis.o(.text) for millis_init
    main.o(.text) refers to gui_log_console.o(.text) for console_log
    main.o(.text) refers to i2c_soft.o(.text) for I2C_GPIO_Config
    main.o(.text) refers to mpu6050.o(.text) for MPU_Init
    main.o(.text) refers to inv_mpu.o(.text) for mpu_dmp_init
    main.o(.text) refers to memseta.o(.text) for __aeabi_memclr
    main.o(.text) refers to ds3231.o(.text) for DS3231_Init
    main.o(.text) refers to appconfig.o(.text) for appconfig_init
    main.o(.text) refers to beep.o(.text) for buzzer_init
    main.o(.text) refers to buttons.o(.text) for buttons_init
    main.o(.text) refers to alarm.o(.text) for alarm_init
    main.o(.text) refers to pwrmgr.o(.text) for pwrmgr_init
    main.o(.text) refers to display.o(.text) for display_set
    main.o(.text) refers to stopwatch.o(.text) for stopwatch_update
    main.o(.text) refers to millis.o(.data) for bme_flag
    main.o(.text) refers to lcd.o(.bss) for oledBuffer
    main.o(.text) refers to normal.o(.text) for watchface_normal
    main.o(.text) refers to main.o(.data) for .data
    system_stm32f10x.o(.text) refers to system_stm32f10x.o(.data) for .data
    lcd.o(.text) refers to oled_basic.o(.text) for InitGraph
    lcd.o(.text) refers to oled_driver.o(.text) for WriteCmd
    lcd.o(.text) refers to appconfig.o(.bss) for appConfig
    lcd.o(.text) refers to lcd.o(.bss) for .bss
    beep.o(.text) refers to stm32f10x_rcc.o(.text) for RCC_APB1PeriphClockCmd
    beep.o(.text) refers to stm32f10x_gpio.o(.text) for GPIO_PinRemapConfig
    beep.o(.text) refers to stm32f10x_tim.o(.text) for TIM_TimeBaseInit
    beep.o(.text) refers to millis.o(.text) for millis_get
    beep.o(.text) refers to beep.o(.data) for .data
    beep.o(.text) refers to appconfig.o(.bss) for appConfig
    i2c_soft.o(.text) refers to stm32f10x_rcc.o(.text) for RCC_APB2PeriphClockCmd
    i2c_soft.o(.text) refers to stm32f10x_gpio.o(.text) for GPIO_Init
    i2c_soft.o(.text) refers to delay.o(.text) for delay_us
    adc.o(.text) refers to stm32f10x_rcc.o(.text) for RCC_APB2PeriphClockCmd
    adc.o(.text) refers to stm32f10x_gpio.o(.text) for GPIO_Init
    adc.o(.text) refers to stm32f10x_adc.o(.text) for ADC_DeInit
    adc.o(.text) refers to delay.o(.text) for delay_us
    ds3231.o(.text) refers to i2c_soft.o(.text) for I2C_Start
    ds3231.o(.text) refers to delay.o(.text) for delay_ms
    ds3231.o(.text) refers to ffltui.o(.text) for __aeabi_ui2f
    ds3231.o(.text) refers to fdiv.o(.text) for __aeabi_fdiv
    ds3231.o(.text) refers to fadd.o(.text) for __aeabi_fadd
    ds3231.o(.text) refers to time.o(.data) for timeDate
    ds3231.o(.text) refers to ds3231.o(.bss) for .bss
    ds3231.o(.text) refers to ds3231.o(.data) for .data
    bme280.o(.text) refers to i2c_soft.o(.text) for I2C_Start
    bme280.o(.text) refers to delay.o(.text) for delay_ms
    bme280.o(.text) refers to dflti.o(.text) for __aeabi_i2d
    bme280.o(.text) refers to ddiv.o(.text) for __aeabi_ddiv
    bme280.o(.text) refers to d2f.o(.text) for __aeabi_d2f
    bme280.o(.text) refers to memseta.o(.text) for __aeabi_memclr4
    bme280.o(.text) refers to fadd.o(.text) for __aeabi_fsub
    bme280.o(.text) refers to cfcmple.o(.text) for __aeabi_cfcmple
    bme280.o(.text) refers to f2d.o(.text) for __aeabi_f2d
    bme280.o(.text) refers to dadd.o(.text) for __aeabi_dadd
    bme280.o(.text) refers to dfltui.o(.text) for __aeabi_ui2d
    bme280.o(.text) refers to dscalb.o(.text) for __ARM_scalbn
    bme280.o(.text) refers to dmul.o(.text) for __aeabi_dmul
    bme280.o(.text) refers to bme280.o(.bss) for .bss
    bme280.o(.text) refers to cdrcmple.o(.text) for __aeabi_cdrcmple
    bme280.o(.text) refers to cdcmple.o(.text) for __aeabi_cdcmple
    bme280.o(.text) refers to fmul.o(.text) for __aeabi_fmul
    bme280.o(.text) refers to fdiv.o(.text) for __aeabi_fdiv
    bme280.o(.text) refers to ffixi.o(.text) for __aeabi_f2iz
    bme280.o(.text) refers to draw.o(.text) for draw_string
    bme280.o(.text) refers to printfa.o(i.__0sprintf) for __2sprintf
    bme280.o(.text) refers to ffixui.o(.text) for __aeabi_f2uiz
    bme280.o(.text) refers to bme280.o(.data) for .data
    mpu_task.o(.text) refers to millis.o(.text) for millis_get
    mpu_task.o(.text) refers to animation.o(.text) for animation_start
[...]
    USART_IrDAConfig                         0x080048c1   Thumb Code    16  stm32f10x_usart.o(.text)
    USART_IrDACmd                            0x080048d1   Thumb Code    20  stm32f10x_usart.o(.text)
    USART_GetFlagStatus                      0x080048e5   Thumb Code    14  stm32f10x_usart.o(.text)
    USART_ClearFlag                          0x080048f3   Thumb Code     6  stm32f10x_usart.o(.text)
    USART_GetITStatus                        0x080048f9   Thumb Code    62  stm32f10x_usart.o(.text)
    USART_ClearITPendingBit                  0x08004937   Thumb Code    12  stm32f10x_usart.o(.text)
    NVIC_PriorityGroupConfig                 0x08004959   Thumb Code    10  misc.o(.text)
    NVIC_Init                                0x08004963   Thumb Code    94  misc.o(.text)
    NVIC_SetVectorTable                      0x080049c1   Thumb Code    14  misc.o(.text)
    NVIC_SystemLPConfig                      0x080049cf   Thumb Code    20  misc.o(.text)
    SysTick_CLKSourceConfig                  0x080049e3   Thumb Code    24  misc.o(.text)
    TIM_DeInit                               0x08004a09   Thumb Code   304  stm32f10x_tim.o(.text)
    TIM_TimeBaseInit                         0x08004b39   Thumb Code   114  stm32f10x_tim.o(.text)
    TIM_OC1Init                              0x08004bab   Thumb Code   106  stm32f10x_tim.o(.text)
    TIM_OC2Init                              0x08004c15   Thumb Code   120  stm32f10x_tim.o(.text)
    TIM_OC3Init                              0x08004c8d   Thumb Code   116  stm32f10x_tim.o(.text)
    TIM_OC4Init                              0x08004d01   Thumb Code    90  stm32f10x_tim.o(.text)
    TIM_SetIC4Prescaler                      0x08004d5b   Thumb Code    24  stm32f10x_tim.o(.text)
    TIM_SetIC3Prescaler                      0x08004d73   Thumb Code    16  stm32f10x_tim.o(.text)
    TIM_SetIC2Prescaler                      0x08004d83   Thumb Code    24  stm32f10x_tim.o(.text)
    TIM_SetIC1Prescaler                      0x08004e41   Thumb Code    16  stm32f10x_tim.o(.text)
    TIM_ICInit                               0x08004ea9   Thumb Code   270  stm32f10x_tim.o(.text)
    TIM_PWMIConfig                           0x08004fb7   Thumb Code   104  stm32f10x_tim.o(.text)
    TIM_BDTRConfig                           0x0800501f   Thumb Code    34  stm32f10x_tim.o(.text)
    TIM_TimeBaseStructInit                   0x08005041   Thumb Code    18  stm32f10x_tim.o(.text)
    TIM_OCStructInit                         0x08005053   Thumb Code    20  stm32f10x_tim.o(.text)
    TIM_ICStructInit                         0x08005067   Thumb Code    16  stm32f10x_tim.o(.text)
    TIM_BDTRStructInit                       0x08005077   Thumb Code    18  stm32f10x_tim.o(.text)
    TIM_Cmd                                  0x08005089   Thumb Code    20  stm32f10x_tim.o(.text)
    TIM_CtrlPWMOutputs                       0x0800509d   Thumb Code    22  stm32f10x_tim.o(.text)
    TIM_ITConfig                             0x080050b3   Thumb Code    16  stm32f10x_tim.o(.text)
    TIM_GenerateEvent                        0x080050c3   Thumb Code     4  stm32f10x_tim.o(.text)
    TIM_DMAConfig                            0x080050c7   Thumb Code     8  stm32f10x_tim.o(.text)
    TIM_DMACmd                               0x080050cf   Thumb Code    16  stm32f10x_tim.o(.text)
    TIM_InternalClockConfig                  0x080050df   Thumb Code    10  stm32f10x_tim.o(.text)
    TIM_SelectInputTrigger                   0x080050e9   Thumb Code    12  stm32f10x_tim.o(.text)
    TIM_ITRxExternalClockConfig              0x080050f5   Thumb Code    18  stm32f10x_tim.o(.text)
    TIM_TIxExternalClockConfig               0x08005107   Thumb Code    46  stm32f10x_tim.o(.text)
    TIM_ETRConfig                            0x08005135   Thumb Code    24  stm32f10x_tim.o(.text)
    TIM_ETRClockMode1Config                  0x0800514d   Thumb Code    18  stm32f10x_tim.o(.text)
    TIM_ETRClockMode2Config                  0x0800515f   Thumb Code    18  stm32f10x_tim.o(.text)
    TIM_PrescalerConfig                      0x08005171   Thumb Code     6  stm32f10x_tim.o(.text)
    TIM_CounterModeConfig                    0x08005177   Thumb Code    12  stm32f10x_tim.o(.text)
    TIM_EncoderInterfaceConfig               0x08005183   Thumb Code    50  stm32f10x_tim.o(.text)
    TIM_ForcedOC1Config                      0x080051b5   Thumb Code    12  stm32f10x_tim.o(.text)
    TIM_ForcedOC2Config                      0x080051c1   Thumb Code    20  stm32f10x_tim.o(.text)
    TIM_ForcedOC3Config                      0x080051d5   Thumb Code    12  stm32f10x_tim.o(.text)
    TIM_ForcedOC4Config                      0x080051e1   Thumb Code    20  stm32f10x_tim.o(.text)
    TIM_ARRPreloadConfig                     0x080051f5   Thumb Code    20  stm32f10x_tim.o(.text)
    TIM_SelectCOM                            0x08005209   Thumb Code    20  stm32f10x_tim.o(.text)
    TIM_SelectCCDMA                          0x0800521d   Thumb Code    20  stm32f10x_tim.o(.text)
    TIM_CCPreloadControl                     0x08005231   Thumb Code    20  stm32f10x_tim.o(.text)
    TIM_OC1PreloadConfig                     0x08005245   Thumb Code    32  stm32f10x_tim.o(.text)
    TIM_OC2PreloadConfig                     0x08005265   Thumb Code    20  stm32f10x_tim.o(.text)
    TIM_OC3PreloadConfig                     0x08005279   Thumb Code    12  stm32f10x_tim.o(.text)
    TIM_OC4PreloadConfig                     0x08005285   Thumb Code    20  stm32f10x_tim.o(.text)
    TIM_OC1FastConfig                        0x08005299   Thumb Code    12  stm32f10x_tim.o(.text)
    TIM_OC2FastConfig                        0x080052a5   Thumb Code    20  stm32f10x_tim.o(.text)
    TIM_OC3FastConfig                        0x080052b9   Thumb Code    12  stm32f10x_tim.o(.text)
    TIM_OC4FastConfig                        0x080052c5   Thumb Code    20  stm32f10x_tim.o(.text)
    TIM_ClearOC1Ref                          0x080052d9   Thumb Code    12  stm32f10x_tim.o(.text)
    TIM_ClearOC2Ref                          0x080052e5   Thumb Code    20  stm32f10x_tim.o(.text)
    TIM_ClearOC3Ref                          0x080052f9   Thumb Code    12  stm32f10x_tim.o(.text)
    TIM_ClearOC4Ref                          0x08005305   Thumb Code    20  stm32f10x_tim.o(.text)
    TIM_OC1PolarityConfig                    0x08005319   Thumb Code    12  stm32f10x_tim.o(.text)
    TIM_OC1NPolarityConfig                   0x08005325   Thumb Code    12  stm32f10x_tim.o(.text)
    TIM_OC2PolarityConfig                    0x08005331   Thumb Code    20  stm32f10x_tim.o(.text)
    TIM_OC2NPolarityConfig                   0x08005345   Thumb Code    20  stm32f10x_tim.o(.text)
    TIM_OC3PolarityConfig                    0x08005359   Thumb Code    20  stm32f10x_tim.o(.text)
    TIM_OC3NPolarityConfig                   0x0800536d   Thumb Code    20  stm32f10x_tim.o(.text)
    TIM_OC4PolarityConfig                    0x08005381   Thumb Code    20  stm32f10x_tim.o(.text)
    TIM_CCxCmd                               0x08005395   Thumb Code    22  stm32f10x_tim.o(.text)
    TIM_CCxNCmd                              0x080053ab   Thumb Code    22  stm32f10x_tim.o(.text)
    TIM_SelectOCxM                           0x080053c1   Thumb Code    70  stm32f10x_tim.o(.text)
    TIM_UpdateDisableConfig                  0x08005407   Thumb Code    20  stm32f10x_tim.o(.text)
    TIM_UpdateRequestConfig                  0x0800541b   Thumb Code    20  stm32f10x_tim.o(.text)
    TIM_SelectHallSensor                     0x0800542f   Thumb Code    20  stm32f10x_tim.o(.text)
    TIM_SelectOnePulseMode                   0x08005443   Thumb Code    16  stm32f10x_tim.o(.text)
    TIM_SelectOutputTrigger                  0x08005453   Thumb Code    16  stm32f10x_tim.o(.text)
    TIM_SelectSlaveMode                      0x08005463   Thumb Code    16  stm32f10x_tim.o(.text)
    TIM_SelectMasterSlaveMode                0x08005473   Thumb Code    16  stm32f10x_tim.o(.text)
    TIM_SetCounter                           0x08005483   Thumb Code     4  stm32f10x_tim.o(.text)
    TIM_SetAutoreload                        0x08005487   Thumb Code     4  stm32f10x_tim.o(.text)
    TIM_SetCompare1                          0x0800548b   Thumb Code     4  stm32f10x_tim.o(.text)
    TIM_SetCompare2                          0x0800548f   Thumb Code     4  stm32f10x_tim.o(.text)
    TIM_SetCompare3                          0x08005493   Thumb Code     4  stm32f10x_tim.o(.text)
    TIM_SetCompare4                          0x08005497   Thumb Code     6  stm32f10x_tim.o(.text)
    TIM_SetClockDivision                     0x0800549d   Thumb Code    16  stm32f10x_tim.o(.text)
    TIM_GetCapture1                          0x080054ad   Thumb Code     4  stm32f10x_tim.o(.text)
    TIM_GetCapture2                          0x080054b1   Thumb Code     4  stm32f10x_tim.o(.text)
    TIM_GetCapture3                          0x080054b5   Thumb Code     4  stm32f10x_tim.o(.text)
    TIM_GetCapture4                          0x080054b9   Thumb Code     6  stm32f10x_tim.o(.text)
    TIM_GetCounter                           0x080054bf   Thumb Code     4  stm32f10x_tim.o(.text)
    TIM_GetPrescaler                         0x080054c3   Thumb Code     4  stm32f10x_tim.o(.text)
    TIM_GetFlagStatus                        0x080054c7   Thumb Code    14  stm32f10x_tim.o(.text)
    TIM_ClearFlag                            0x080054d5   Thumb Code     6  stm32f10x_tim.o(.text)
    TIM_GetITStatus                          0x080054db   Thumb Code    24  stm32f10x_tim.o(.text)
    TIM_ClearITPendingBit                    0x080054f3   Thumb Code     6  stm32f10x_tim.o(.text)
    ADC_DeInit                               0x080054f9   Thumb Code    56  stm32f10x_adc.o(.text)
    ADC_Init                                 0x08005531   Thumb Code    62  stm32f10x_adc.o(.text)
    ADC_StructInit                           0x0800556f   Thumb Code    18  stm32f10x_adc.o(.text)
    ADC_Cmd                                  0x08005581   Thumb Code    20  stm32f10x_adc.o(.text)
    ADC_DMACmd                               0x08005595   Thumb Code    20  stm32f10x_adc.o(.text)
    ADC_ITConfig                             0x080055a9   Thumb Code    18  stm32f10x_adc.o(.text)
    ADC_ResetCalibration                     0x080055bb   Thumb Code    10  stm32f10x_adc.o(.text)
    ADC_GetResetCalibrationStatus            0x080055c5   Thumb Code    14  stm32f10x_adc.o(.text)
    ADC_StartCalibration                     0x080055d3   Thumb Code    10  stm32f10x_adc.o(.text)
    ADC_GetCalibrationStatus                 0x080055dd   Thumb Code    14  stm32f10x_adc.o(.text)
    ADC_SoftwareStartConvCmd                 0x080055eb   Thumb Code    20  stm32f10x_adc.o(.text)
    ADC_GetSoftwareStartConvStatus           0x080055ff   Thumb Code    14  stm32f10x_adc.o(.text)
    ADC_DiscModeChannelCountConfig           0x0800560d   Thumb Code    16  stm32f10x_adc.o(.text)
    ADC_DiscModeCmd                          0x0800561d   Thumb Code    20  stm32f10x_adc.o(.text)
    ADC_RegularChannelConfig                 0x08005631   Thumb Code   116  stm32f10x_adc.o(.text)
    ADC_ExternalTrigConvCmd                  0x080056a5   Thumb Code    20  stm32f10x_adc.o(.text)
    ADC_GetConversionValue                   0x080056b9   Thumb Code     6  stm32f10x_adc.o(.text)
    ADC_GetDualModeConversionValue           0x080056bf   Thumb Code     8  stm32f10x_adc.o(.text)
    ADC_AutoInjectedConvCmd                  0x080056c7   Thumb Code    20  stm32f10x_adc.o(.text)
    ADC_InjectedDiscModeCmd                  0x080056db   Thumb Code    20  stm32f10x_adc.o(.text)
    ADC_ExternalTrigInjectedConvConfig       0x080056ef   Thumb Code    12  stm32f10x_adc.o(.text)
    ADC_ExternalTrigInjectedConvCmd          0x080056fb   Thumb Code    20  stm32f10x_adc.o(.text)
    ADC_SoftwareStartInjectedConvCmd         0x0800570f   Thumb Code    20  stm32f10x_adc.o(.text)
    ADC_GetSoftwareStartInjectedConvCmdStatus 0x08005723   Thumb Code    14  stm32f10x_adc.o(.text)
    ADC_InjectedChannelConfig                0x08005731   Thumb Code    74  stm32f10x_adc.o(.text)
    ADC_InjectedSequencerLengthConfig        0x0800577b   Thumb Code    16  stm32f10x_adc.o(.text)
    ADC_SetInjectedOffset                    0x0800578b   Thumb Code    10  stm32f10x_adc.o(.text)
    ADC_GetInjectedConversionValue           0x08005795   Thumb Code    14  stm32f10x_adc.o(.text)
    ADC_AnalogWatchdogCmd                    0x080057a3   Thumb Code    12  stm32f10x_adc.o(.text)
    ADC_AnalogWatchdogThresholdsConfig       0x080057af   Thumb Code     6  stm32f10x_adc.o(.text)
    ADC_AnalogWatchdogSingleChannelConfig    0x080057b5   Thumb Code    12  stm32f10x_adc.o(.text)
    ADC_TempSensorVrefintCmd                 0x080057c1   Thumb Code    24  stm32f10x_adc.o(.text)
    ADC_GetFlagStatus                        0x080057d9   Thumb Code    14  stm32f10x_adc.o(.text)
    ADC_ClearFlag                            0x080057e7   Thumb Code     6  stm32f10x_adc.o(.text)
    ADC_GetITStatus                          0x080057ed   Thumb Code    28  stm32f10x_adc.o(.text)
    ADC_ClearITPendingBit                    0x08005809   Thumb Code     8  stm32f10x_adc.o(.text)
    PWR_DeInit                               0x08005829   Thumb Code    24  stm32f10x_pwr.o(.text)
    PWR_BackupAccessCmd                      0x08005841   Thumb Code     6  stm32f10x_pwr.o(.text)
    PWR_PVDCmd                               0x08005847   Thumb Code     6  stm32f10x_pwr.o(.text)
    PWR_PVDLevelConfig                       0x0800584d   Thumb Code    14  stm32f10x_pwr.o(.text)
    PWR_WakeUpPinCmd                         0x0800585b   Thumb Code     8  stm32f10x_pwr.o(.text)
    PWR_EnterSTOPMode                        0x08005863   Thumb Code    42  stm32f10x_pwr.o(.text)
    PWR_EnterSTANDBYMode                     0x0800588d   Thumb Code    32  stm32f10x_pwr.o(.text)
    PWR_GetFlagStatus                        0x080058ad   Thumb Code    16  stm32f10x_pwr.o(.text)
    PWR_ClearFlag                            0x080058bd   Thumb Code    12  stm32f10x_pwr.o(.text)
    EXTI_DeInit                              0x080058d5   Thumb Code    28  stm32f10x_exti.o(.text)
    EXTI_Init                                0x080058f1   Thumb Code   108  stm32f10x_exti.o(.text)
    EXTI_StructInit                          0x0800595d   Thumb Code    14  stm32f10x_exti.o(.text)
    EXTI_GenerateSWInterrupt                 0x0800596b   Thumb Code    12  stm32f10x_exti.o(.text)
    EXTI_GetFlagStatus                       0x08005977   Thumb Code    18  stm32f10x_exti.o(.text)
    EXTI_ClearFlag                           0x08005989   Thumb Code     8  stm32f10x_exti.o(.text)
    EXTI_GetITStatus                         0x08005991   Thumb Code    28  stm32f10x_exti.o(.text)
    EXTI_ClearITPendingBit                   0x080059ad   Thumb Code     8  stm32f10x_exti.o(.text)
    AlarmEnalbe                              0x080059bd   Thumb Code    32  alarm.o(.text)
    alarm_get                                0x080059dd   Thumb Code    18  alarm.o(.text)
    alarm_init                               0x08005a89   Thumb Code     2  alarm.o(.text)
    alarm_reset                              0x08005a8b   Thumb Code     8  alarm.o(.text)
    alarm_getNext                            0x08005a93   Thumb Code    26  alarm.o(.text)
    alarm_getNextDay                         0x08005aad   Thumb Code     8  alarm.o(.text)
    alarm_save                               0x08005ab5   Thumb Code    18  alarm.o(.text)
    alarm_update                             0x08005b3f   Thumb Code    84  alarm.o(.text)
    alarm_updateNextAlarm                    0x08005b93   Thumb Code     2  alarm.o(.text)
    mAlarmsOpen                              0x08005f0f   Thumb Code    44  alarms.o(.text)
    animation_init                           0x08006025   Thumb Code    10  animation.o(.text)
    animation_update                         0x0800602f   Thumb Code   120  animation.o(.text)
    animation_start                          0x080060a7   Thumb Code    34  animation.o(.text)
    animation_active                         0x080060c9   Thumb Code     6  animation.o(.text)
    animation_movingOn                       0x080060cf   Thumb Code    14  animation.o(.text)
    animation_offsetY                        0x080060dd   Thumb Code     6  animation.o(.text)
    appconfig_save                           0x080060ed   Thumb Code     2  appconfig.o(.text)
    appconfig_reset                          0x080060ef   Thumb Code    30  appconfig.o(.text)
    appconfig_init                           0x0800610d   Thumb Code     2  appconfig.o(.text)
    buttons_startup                          0x08006115   Thumb Code    56  buttons.o(.text)
    buttons_init                             0x0800614d   Thumb Code    22  buttons.o(.text)
    buttons_update                           0x08006163   Thumb Code    94  buttons.o(.text)
    buttons_shutdown                         0x080061c1   Thumb Code     2  buttons.o(.text)
    buttons_setFunc                          0x080061c3   Thumb Code    12  buttons.o(.text)
    buttons_setFuncs                         0x080061cf   Thumb Code    10  buttons.o(.text)
    buttons_isActive                         0x080061d9   Thumb Code    58  buttons.o(.text)
    buttons_wake                             0x08006213   Thumb Code    44  buttons.o(.text)
    mDiagOpen                                0x08006375   Thumb Code    44  diag.o(.text)
    display_set                              0x08006435   Thumb Code     6  display.o(.text)
    display_load                             0x0800643b   Thumb Code    12  display.o(.text)
    display_setDrawFunc                      0x08006447   Thumb Code    10  display.o(.text)
    display_update                           0x0800658f   Thumb Code   124  display.o(.text)
    display_startCRTAnim                     0x0800660b   Thumb Code    52  display.o(.text)
    draw_bitmap                              0x08006651   Thumb Code   308  draw.o(.text)
    draw_string                              0x08006785   Thumb Code   120  draw.o(.text)
    draw_string_P                            0x080067fd   Thumb Code    54  draw.o(.text)
    draw_clearArea                           0x08006833   Thumb Code    16  draw.o(.text)
    draw_end                                 0x08006843   Thumb Code     4  draw.o(.text)
    game1_draw                               0x08006899   Thumb Code   786  game1.o(.text)
    game1_start                              0x08006bab   Thumb Code   100  game1.o(.text)
    game2_start                              0x08006fc5   Thumb Code    78  game2.o(.text)
    draw_bitmap_set                          0x08007071   Thumb Code    26  game3.o(.text)
    draw_bitmap_s2                           0x0800708b   Thumb Code    26  game3.o(.text)
    game3_start                              0x0800734f   Thumb Code    78  game3.o(.text)
    _DrawPoint                               0x0800739d   Thumb Code    34  game3.o(.text)
    mGamesOpen                               0x08007475   Thumb Code    44  games.o(.text)
    global_init                              0x080074f5   Thumb Code     2  global.o(.text)
    global_update                            0x080074f7   Thumb Code     2  global.o(.text)
    div10                                    0x080074f9   Thumb Code     8  global.o(.text)
    mod10                                    0x08007501   Thumb Code    12  global.o(.text)
    mDisplayOpen                             0x080075e9   Thumb Code    50  m_display.o(.text)
    mMainOpen                                0x080077ad   Thumb Code    22  m_main.o(.text)
    menu_select                              0x08007881   Thumb Code    40  menu.o(.text)
    menu_down                                0x080078a9   Thumb Code    14  menu.o(.text)
    menu_up                                  0x080078b7   Thumb Code    14  menu.o(.text)
    menu_draw                                0x080079cd   Thumb Code   128  menu.o(.text)
    beginAnimation                           0x08007a4d   Thumb Code     6  menu.o(.text)
    setMenuOption                            0x08007a53   Thumb Code   152  menu.o(.text)
    setMenuOption_P                          0x08007aeb   Thumb Code    40  menu.o(.text)
    menu_isOpen                              0x08007b13   Thumb Code     6  menu.o(.text)
    menu_close                               0x08007b19   Thumb Code    22  menu.o(.text)
    setPrevMenuOpen                          0x08007b2f   Thumb Code    18  menu.o(.text)
    exitSelected                             0x08007b41   Thumb Code    20  menu.o(.text)
    setPrevMenuExit                          0x08007b55   Thumb Code    30  menu.o(.text)
    back                                     0x08007b73   Thumb Code    12  menu.o(.text)
    addBackOption                            0x08007b7f   Thumb Code    18  menu.o(.text)
    beginAnimation2                          0x08007b91   Thumb Code     6  menu.o(.text)
    setMenuInfo                              0x08007b97   Thumb Code    30  menu.o(.text)
    setMenuFuncs                             0x08007bb5   Thumb Code    14  menu.o(.text)
    nextOption                               0x08007bdf   Thumb Code    22  menu.o(.text)
    prevOption                               0x08007bf5   Thumb Code    22  menu.o(.text)
    doAction                                 0x08007c0b   Thumb Code    12  menu.o(.text)
    millis_init                              0x08007c91   Thumb Code   104  millis.o(.text)
    millis_get                               0x08007cf9   Thumb Code     6  millis.o(.text)
    TIM3_IRQHandler                          0x08007cff   Thumb Code   240  millis.o(.text)
    watchface_normal                         0x080081c3   Thumb Code    30  normal.o(.text)
    mSettingsOpen                            0x080082e9   Thumb Code    44  settings.o(.text)
    mSleepOpen                               0x08008441   Thumb Code    52  sleep.o(.text)
    mSoundOpen                               0x0800855d   Thumb Code    50  sound.o(.text)
    stopwatch_open                           0x080087c1   Thumb Code    28  stopwatch.o(.text)
    stopwatch_active                         0x080087dd   Thumb Code    12  stopwatch.o(.text)
    stopwatch_update                         0x080087e9   Thumb Code    36  stopwatch.o(.text)
    time_wake                                0x08008839   Thumb Code    18  time.o(.text)
    time_init                                0x0800884b   Thumb Code     2  time.o(.text)
    time_sleep                               0x0800884d   Thumb Code     8  time.o(.text)
    time_shutdown                            0x08008855   Thumb Code     8  time.o(.text)
    time_timeMode                            0x0800885d   Thumb Code    76  time.o(.text)
    time_set                                 0x080088a9   Thumb Code    50  time.o(.text)
    time_isLeapYear                          0x080088db   Thumb Code    12  time.o(.text)
    time_dow                                 0x080088e7   Thumb Code    92  time.o(.text)
    time_monthDayCount                       0x08008943   Thumb Code    24  time.o(.text)
    time_timeStr                             0x0800895b   Thumb Code    26  time.o(.text)
    time_update                              0x08008975   Thumb Code    54  time.o(.text)
    mTimeDateOpen                            0x08008d0d   Thumb Code    72  timedate.o(.text)
    torch_open                               0x08008e9b   Thumb Code    34  torch.o(.text)
    tune_play                                0x08008f09   Thumb Code    28  tune.o(.text)
    tune_stop                                0x08008f25   Thumb Code    24  tune.o(.text)
    OLED_DrawPoint                           0x08008ff1   Thumb Code    42  tunemaker.o(.text)
    OLED_DrawLine                            0x0800901b   Thumb Code   148  tunemaker.o(.text)
    __SysTick                                0x080090af   Thumb Code    20  tunemaker.o(.text)
    tunemakerOpen                            0x08009249   Thumb Code    48  tunemaker.o(.text)
    drawBattery                              0x080092c9   Thumb Code   138  ui.o(.text)
    pwrmgr_init                              0x0800938d   Thumb Code    10  pwrmgr.o(.text)
    userWake                                 0x08009397   Thumb Code    22  pwrmgr.o(.text)
    movecheck                                0x080093ad   Thumb Code    80  pwrmgr.o(.text)
    pwrmgr_update                            0x080093fd   Thumb Code    84  pwrmgr.o(.text)
    pwrmgr_userActive                        0x08009451   Thumb Code    14  pwrmgr.o(.text)
    InitGraph                                0x08009469   Thumb Code     4  oled_basic.o(.text)
    ClearScreen                              0x0800946d   Thumb Code     6  oled_basic.o(.text)
    UpdateScreen                             0x08009473   Thumb Code     4  oled_basic.o(.text)
    FillByte                                 0x08009477   Thumb Code    48  oled_basic.o(.text)
    FillRect                                 0x080094a7   Thumb Code   184  oled_basic.o(.text)
    FillVerticalLine                         0x0800955f   Thumb Code   142  oled_basic.o(.text)
    mySqrt                                   0x080095ed   Thumb Code    32  oled_basic.o(.text)
    sqrt_16                                  0x0800960d   Thumb Code    54  oled_basic.o(.text)
    SetAngle                                 0x0800970d   Thumb Code    46  oled_basic.o(.text)
    SetAnggleDir                             0x0800973b   Thumb Code     8  oled_basic.o(.text)
    SetRotateCenter                          0x08009743   Thumb Code    10  oled_basic.o(.text)
    SetRotateValue                           0x0800974d   Thumb Code    22  oled_basic.o(.text)
    GetRotateXY                              0x08009763   Thumb Code    50  oled_basic.o(.text)
    FloodFill                                0x08009795   Thumb Code    96  oled_basic.o(.text)
    GetLengthUp                              0x080097f5   Thumb Code    40  oled_basic.o(.text)
    GetLengthDown                            0x0800981d   Thumb Code    42  oled_basic.o(.text)
    FloodFill2                               0x08009847   Thumb Code   134  oled_basic.o(.text)
    pgm_read_byte                            0x080098cd   Thumb Code     4  oled_basic.o(.text)
    oled_pow                                 0x080098d1   Thumb Code    16  oled_basic.o(.text)
    FrameRateUpdateScreen                    0x080098e1   Thumb Code    38  oled_basic.o(.text)
    WaitTimeMs                               0x08009907   Thumb Code    10  oled_basic.o(.text)
    UpdateScreenPiece                        0x08009911   Thumb Code     2  oled_basic.o(.text)
    SetTempBuffer                            0x0800992d   Thumb Code     8  oled_buffer.o(.text)
    SetScreenBuffer                          0x08009935   Thumb Code     8  oled_buffer.o(.text)
    GetSelectedBuffer                        0x0800993d   Thumb Code     6  oled_buffer.o(.text)
    ReadByteBuffer                           0x08009943   Thumb Code    20  oled_buffer.o(.text)
    WriteByteBuffer                          0x08009957   Thumb Code    20  oled_buffer.o(.text)
    SetPointBuffer                           0x0800996b   Thumb Code    68  oled_buffer.o(.text)
    GetPointBuffer                           0x080099af   Thumb Code    54  oled_buffer.o(.text)
    UpdateScreenDisplay                      0x080099e5   Thumb Code     4  oled_buffer.o(.text)
    ClearScreenBuffer                        0x080099e9   Thumb Code    12  oled_buffer.o(.text)
    ClearTempBuffer                          0x080099f5   Thumb Code    10  oled_buffer.o(.text)
    TempBufferFunc                           0x080099ff   Thumb Code   108  oled_buffer.o(.text)
    SetDrawColor                             0x08009a79   Thumb Code     6  oled_color.o(.text)
    GetDrawColor                             0x08009a7f   Thumb Code     6  oled_color.o(.text)
    SetFillcolor                             0x08009a85   Thumb Code     6  oled_color.o(.text)
    GetFillColor                             0x08009a8b   Thumb Code     6  oled_color.o(.text)
    DriverInit                               0x08009a95   Thumb Code    14  oled_config.o(.text)
    UpdateScreenBuffer                       0x08009aa3   Thumb Code     6  oled_config.o(.text)
    UpdateTempBuffer                         0x08009aa9   Thumb Code     6  oled_config.o(.text)
    OledTimeMsFunc                           0x08009aaf   Thumb Code    14  oled_config.o(.text)
    SW_IIC_Configuration                     0x08009ac9   Thumb Code    56  oled_driver.o(.text)
    IIC_Start                                0x08009b01   Thumb Code    40  oled_driver.o(.text)
    IIC_Stop                                 0x08009b29   Thumb Code    32  oled_driver.o(.text)
    IIC_Wait_Ack                             0x08009b49   Thumb Code    24  oled_driver.o(.text)
    Write_IIC_Byte                           0x08009b61   Thumb Code    70  oled_driver.o(.text)
    WriteCmd                                 0x08009ba7   Thumb Code    44  oled_driver.o(.text)
    WriteDat                                 0x08009bd3   Thumb Code    44  oled_driver.o(.text)
    OLED_FILL                                0x08009bff   Thumb Code    56  oled_driver.o(.text)
    OLED_CLS                                 0x08009c37   Thumb Code    52  oled_driver.o(.text)
    OLED_Init                                0x08009c6b   Thumb Code   176  oled_driver.o(.text)
    OLED_ON                                  0x08009d1b   Thumb Code    22  oled_driver.o(.text)
    OLED_OFF                                 0x08009d31   Thumb Code    22  oled_driver.o(.text)
    gui_print_s                              0x08009d4d   Thumb Code    20  gui_log_console.o(.text)
    up_line                                  0x08009d61   Thumb Code    22  gui_log_console.o(.text)
    down_line                                0x08009d77   Thumb Code    22  gui_log_console.o(.text)
    console_loop_show                        0x08009d8d   Thumb Code    76  gui_log_console.o(.text)
    strcopy_cnt                              0x08009dd9   Thumb Code    24  gui_log_console.o(.text)
    find_huanhang_str_idx                    0x08009df1   Thumb Code    28  gui_log_console.o(.text)
    console_log                              0x08009e0d   Thumb Code   366  gui_log_console.o(.text)
    ShutDown                                 0x08009f9b   Thumb Code    10  my_menu.o(.text)
    cmd2                                     0x08009fa5   Thumb Code    30  my_menu.o(.text)
    cmd3                                     0x08009fc3   Thumb Code    18  my_menu.o(.text)
    my_menu_open                             0x0800a055   Thumb Code    56  my_menu.o(.text)
    altitude_open                            0x0800a157   Thumb Code    40  altitude_display.o(.text)
    history_display                          0x0800a257   Thumb Code    32  altitude_display.o(.text)
    __aeabi_ldivmod                          0x0800a2ed   Thumb Code    98  ldiv.o(.text)
    rand                                     0x0800a351   Thumb Code    20  rand.o(.text)
    srand                                    0x0800a365   Thumb Code     6  rand.o(.text)
    __aeabi_memcpy                           0x0800a375   Thumb Code    36  memcpya.o(.text)
    __aeabi_memcpy4                          0x0800a375   Thumb Code     0  memcpya.o(.text)
    __aeabi_memcpy8                          0x0800a375   Thumb Code     0  memcpya.o(.text)
    __aeabi_memset                           0x0800a399   Thumb Code    14  memseta.o(.text)
    __aeabi_memset4                          0x0800a399   Thumb Code     0  memseta.o(.text)
    __aeabi_memset8                          0x0800a399   Thumb Code     0  memseta.o(.text)
    __aeabi_memclr                           0x0800a3a7   Thumb Code     4  memseta.o(.text)
    __aeabi_memclr4                          0x0800a3a7   Thumb Code     0  memseta.o(.text)
    __aeabi_memclr8                          0x0800a3a7   Thumb Code     0  memseta.o(.text)
    _memset$wrapper                          0x0800a3ab   Thumb Code    18  memseta.o(.text)
    strcat                                   0x0800a3bd   Thumb Code    24  strcat.o(.text)
    strlen                                   0x0800a3d5   Thumb Code    14  strlen.o(.text)
    memcmp                                   0x0800a3e3   Thumb Code    26  memcmp.o(.text)
    strcpy                                   0x0800a3fd   Thumb Code    18  strcpy.o(.text)
    calloc                                   0x0800a40f   Thumb Code    28  calloc.o(.text)
    __aeabi_fadd                             0x0800a42b   Thumb Code   164  fadd.o(.text)
    __aeabi_fsub                             0x0800a4cf   Thumb Code     6  fadd.o(.text)
    __aeabi_frsub                            0x0800a4d5   Thumb Code     6  fadd.o(.text)
    __aeabi_fmul                             0x0800a4db   Thumb Code   100  fmul.o(.text)
    __aeabi_fdiv                             0x0800a53f   Thumb Code   124  fdiv.o(.text)
    __ARM_scalbnf                            0x0800a5bb   Thumb Code    24  fscalb.o(.text)
    scalbnf                                  0x0800a5bb   Thumb Code     0  fscalb.o(.text)
    __aeabi_dadd                             0x0800a5d3   Thumb Code   322  dadd.o(.text)
    __aeabi_dsub                             0x0800a715   Thumb Code     6  dadd.o(.text)
    __aeabi_drsub                            0x0800a71b   Thumb Code     6  dadd.o(.text)
    __aeabi_dmul                             0x0800a721   Thumb Code   228  dmul.o(.text)
    __aeabi_ddiv                             0x0800a805   Thumb Code   222  ddiv.o(.text)
    __ARM_scalbn                             0x0800a8e3   Thumb Code    46  dscalb.o(.text)
    scalbn                                   0x0800a8e3   Thumb Code     0  dscalb.o(.text)
    __aeabi_i2f                              0x0800a911   Thumb Code    18  fflti.o(.text)
    __aeabi_ui2f                             0x0800a923   Thumb Code    10  ffltui.o(.text)
    __aeabi_i2d                              0x0800a92d   Thumb Code    34  dflti.o(.text)
    __aeabi_ui2d                             0x0800a94f   Thumb Code    26  dfltui.o(.text)
    __aeabi_f2iz                             0x0800a969   Thumb Code    50  ffixi.o(.text)
    __aeabi_f2uiz                            0x0800a99b   Thumb Code    40  ffixui.o(.text)
    __aeabi_d2iz                             0x0800a9c3   Thumb Code    62  dfixi.o(.text)
    __aeabi_d2uiz                            0x0800aa01   Thumb Code    50  dfixui.o(.text)
    __aeabi_f2d                              0x0800aa33   Thumb Code    38  f2d.o(.text)
    __aeabi_cdcmpeq                          0x0800aa59   Thumb Code     0  cdcmple.o(.text)
    __aeabi_cdcmple                          0x0800aa59   Thumb Code    48  cdcmple.o(.text)
    __aeabi_cdrcmple                         0x0800aa89   Thumb Code    48  cdrcmple.o(.text)
    __aeabi_d2f                              0x0800aab9   Thumb Code    56  d2f.o(.text)
    __aeabi_cfcmpeq                          0x0800aaf1   Thumb Code     0  cfcmple.o(.text)
    __aeabi_cfcmple                          0x0800aaf1   Thumb Code    20  cfcmple.o(.text)
    __aeabi_cfrcmple                         0x0800ab05   Thumb Code    20  cfrcmple.o(.text)
    __aeabi_uidiv                            0x0800ab19   Thumb Code     0  uidiv.o(.text)
    __aeabi_uidivmod                         0x0800ab19   Thumb Code    44  uidiv.o(.text)
    __aeabi_uldivmod                         0x0800ab45   Thumb Code    98  uldiv.o(.text)
    __aeabi_llsl                             0x0800aba7   Thumb Code    30  llshl.o(.text)
    _ll_shift_l                              0x0800aba7   Thumb Code     0  llshl.o(.text)
    __aeabi_llsr                             0x0800abc5   Thumb Code    32  llushr.o(.text)
    _ll_ushift_r                             0x0800abc5   Thumb Code     0  llushr.o(.text)
    __aeabi_lasr                             0x0800abe5   Thumb Code    36  llsshr.o(.text)
    _ll_sshift_r                             0x0800abe5   Thumb Code     0  llsshr.o(.text)
    __I$use$fp                               0x0800ac09   Thumb Code     0  iusefp.o(.text)
    _float_round                             0x0800ac09   Thumb Code    18  fepilogue.o(.text)
    _float_epilogue                          0x0800ac1b   Thumb Code    92  fepilogue.o(.text)
    _double_round                            0x0800ac77   Thumb Code    30  depilogue.o(.text)
    _double_epilogue                         0x0800ac95   Thumb Code   156  depilogue.o(.text)
    __aeabi_d2ulz                            0x0800ad31   Thumb Code    48  dfixul.o(.text)
    __scatterload                            0x0800ad61   Thumb Code    28  init.o(.text)
    __scatterload_rt2                        0x0800ad61   Thumb Code     0  init.o(.text)
    _dsqrt                                   0x0800ad85   Thumb Code   162  dsqrt.o(.text)
    __decompress                             0x0800ae27   Thumb Code     0  __dczerorl2.o(.text)
    __decompress1                            0x0800ae27   Thumb Code    86  __dczerorl2.o(.text)
    __0printf                                0x0800ae7d   Thumb Code    22  printfa.o(i.__0printf)
    __1printf                                0x0800ae7d   Thumb Code     0  printfa.o(i.__0printf)
    __2printf                                0x0800ae7d   Thumb Code     0  printfa.o(i.__0printf)
    __c89printf                              0x0800ae7d   Thumb Code     0  printfa.o(i.__0printf)
    printf                                   0x0800ae7d   Thumb Code     0  printfa.o(i.__0printf)
    __0sprintf                               0x0800ae9d   Thumb Code    34  printfa.o(i.__0sprintf)
    __1sprintf                               0x0800ae9d   Thumb Code     0  printfa.o(i.__0sprintf)
    __2sprintf                               0x0800ae9d   Thumb Code     0  printfa.o(i.__0sprintf)
    __c89sprintf                             0x0800ae9d   Thumb Code     0  printfa.o(i.__0sprintf)
    sprintf                                  0x0800ae9d   Thumb Code     0  printfa.o(i.__0sprintf)
    __0vsprintf                              0x0800aec5   Thumb Code    30  printfa.o(i.__0vsprintf)
    __1vsprintf                              0x0800aec5   Thumb Code     0  printfa.o(i.__0vsprintf)
    __2vsprintf                              0x0800aec5   Thumb Code     0  printfa.o(i.__0vsprintf)
    __c89vsprintf                            0x0800aec5   Thumb Code     0  printfa.o(i.__0vsprintf)
    vsprintf                                 0x0800aec5   Thumb Code     0  printfa.o(i.__0vsprintf)
    __ARM_fpclassify                         0x0800aee9   Thumb Code    40  fpclassify.o(i.__ARM_fpclassify)
    __ieee754_rem_pio2                       0x0800af11   Thumb Code   828  rred.o(i.__ieee754_rem_pio2)
    __kernel_cos                             0x0800b299   Thumb Code   230  cos_i.o(i.__kernel_cos)
    __kernel_poly                            0x0800b395   Thumb Code   170  poly.o(i.__kernel_poly)
    __kernel_sin                             0x0800b441   Thumb Code   224  sin_i.o(i.__kernel_sin)
    __mathlib_dbl_infnan                     0x0800b52d   Thumb Code     6  dunder.o(i.__mathlib_dbl_infnan)
    __mathlib_dbl_infnan2                    0x0800b533   Thumb Code     4  dunder.o(i.__mathlib_dbl_infnan2)
    __mathlib_dbl_invalid                    0x0800b537   Thumb Code    12  dunder.o(i.__mathlib_dbl_invalid)
    __mathlib_dbl_underflow                  0x0800b545   Thumb Code    10  dunder.o(i.__mathlib_dbl_underflow)
    __scatterload_copy                       0x0800b555   Thumb Code    14  handlers.o(i.__scatterload_copy)
    __scatterload_null                       0x0800b563   Thumb Code     2  handlers.o(i.__scatterload_null)
    __scatterload_zeroinit                   0x0800b565   Thumb Code    14  handlers.o(i.__scatterload_zeroinit)
    __set_errno                              0x0800b575   Thumb Code     6  errno.o(i.__set_errno)
    asin                                     0x0800be15   Thumb Code   572  asin.o(i.asin)
    atan                                     0x0800c085   Thumb Code   474  atan.o(i.atan)
    atan2                                    0x0800c2a5   Thumb Code   374  atan2.o(i.atan2)
    cos                                      0x0800c441   Thumb Code   148  cos.o(i.cos)
    free                                     0x0800c4dd   Thumb Code    76  malloc.o(i.free)
    malloc                                   0x0800c52d   Thumb Code    92  malloc.o(i.malloc)
    sin                                      0x0800c599   Thumb Code   150  sin.o(i.sin)
    sqrt                                     0x0800c639   Thumb Code    76  sqrt.o(i.sqrt)
    STAY                                     0x0800c684   Data         236  main.o(.constdata)
    TUNE                                     0x0800c770   Data        1000  main.o(.constdata)
    reg                                      0x0800cb58   Data          27  inv_mpu.o(.constdata)
    hw                                       0x0800cb74   Data          12  inv_mpu.o(.constdata)
    test                                     0x0800cb80   Data          40  inv_mpu.o(.constdata)
    menuBack                                 0x0800d826   Data           5  menu.o(.constdata)
    dowChars                                 0x0800d82b   Data           8  resources.o(.constdata)
    days                                     0x0800d833   Data          28  resources.o(.constdata)
    months                                   0x0800d84f   Data          48  resources.o(.constdata)
    livesImg                                 0x0800d87f   Data           7  resources.o(.constdata)
    stopwatch                                0x0800d886   Data           8  resources.o(.constdata)
    menu_tunemaker                           0x0800d88e   Data         128  resources.o(.constdata)
    menu_timedate                            0x0800d90e   Data         128  resources.o(.constdata)
    menu_sleep                               0x0800d98e   Data         128  resources.o(.constdata)
    menu_sound                               0x0800da0e   Data         128  resources.o(.constdata)
    menu_games                               0x0800da8e   Data         128  resources.o(.constdata)
    menu_brightness                          0x0800db0e   Data         512  resources.o(.constdata)
    menu_invert                              0x0800dd0e   Data         128  resources.o(.constdata)
    menu_anim                                0x0800dd8e   Data         256  resources.o(.constdata)
    menu_volume                              0x0800de8e   Data         512  resources.o(.constdata)
    menu_rotate                              0x0800e08e   Data         128  resources.o(.constdata)
    menu_display                             0x0800e10e   Data         128  resources.o(.constdata)
    menu_sleeptimeout                        0x0800e18e   Data         128  resources.o(.constdata)
    battIconEmpty                            0x0800e20e   Data          16  resources.o(.constdata)
    battIconLow                              0x0800e21e   Data          16  resources.o(.constdata)
    battIconHigh                             0x0800e22e   Data          16  resources.o(.constdata)
    battIconFull                             0x0800e23e   Data          16  resources.o(.constdata)
    smallFont                                0x0800e24e   Data         485  resources.o(.constdata)
    smallFontAlarm                           0x0800e433   Data           8  resources.o(.constdata)
    midFont                                  0x0800e43b   Data         570  resources.o(.constdata)
    small2Font                               0x0800e675   Data         220  resources.o(.constdata)
    colon                                    0x0800e751   Data          18  resources.o(.constdata)
    selectbar_top                            0x0800e763   Data          36  resources.o(.constdata)
    selectbar_bottom                         0x0800e787   Data          36  resources.o(.constdata)
    menu_alarm                               0x0800e7ab   Data         128  resources.o(.constdata)
    menu_stopwatch                           0x0800e82b   Data         128  resources.o(.constdata)
    menu_torch                               0x0800e8ab   Data         128  resources.o(.constdata)
    menu_settings                            0x0800e92b   Data         128  resources.o(.constdata)
    menu_diagnostic                          0x0800e9ab   Data         128  resources.o(.constdata)
    menu_exit                                0x0800ea2b   Data         128  resources.o(.constdata)
    menu_setfps                              0x0800eaab   Data         128  resources.o(.constdata)
    tuneHour                                 0x0800fc78   Data          16  tunes.o(.constdata)
    tuneBtn1                                 0x0800fc88   Data          16  tunes.o(.constdata)
    tuneBtn2                                 0x0800fc98   Data          16  tunes.o(.constdata)
    tuneBtn3                                 0x0800fca8   Data          16  tunes.o(.constdata)
    __mathlib_zero                           0x0800fdd0   Data           8  qnan.o(.constdata)
    Region$$Table$$Base                      0x0800ff18   Number         0  anon$$obj.o(Region$$Table)
    Region$$Table$$Limit                     0x0800ff38   Number         0  anon$$obj.o(Region$$Table)
    bme_enable                               0x20000000   Data           1  main.o(.data)
    SystemCoreClock                          0x20000004   Data           4  system_stm32f10x.o(.data)
    AHBPrescTable                            0x20000008   Data          16  system_stm32f10x.o(.data)
    DS3231_Temp                              0x20000024   Data           4  ds3231.o(.data)
    difference_P                             0x20000028   Data           2  bme280.o(.data)
    P_standard                               0x2000002c   Data           4  bme280.o(.data)
    altitude                                 0x20000030   Data           4  bme280.o(.data)
    imu_run                                  0x20000034   Data           1  mpu_task.o(.data)
    delta                                    0x20000035   Data           1  mpu_task.o(.data)
    point_delta                              0x20000036   Data           1  mpu_task.o(.data)
    pitch                                    0x20000040   Data           4  mpu_task.o(.data)
    roll                                     0x20000044   Data           4  mpu_task.o(.data)
    yaw                                      0x20000048   Data           4  mpu_task.o(.data)
    USART_RX_STA                             0x2000008a   Data           2  usart.o(.data)
    __stdout                                 0x2000008c   Data           4  usart.o(.data)
    DeepSleepFlag                            0x20000090   Data           1  nvic.o(.data)
    eepAlarms                                0x200000bc   Data          15  alarm.o(.data)
    MY_FPS                                   0x200000e8   Data           1  display.o(.data)
    MiddlePitch                              0x2000010c   Data           4  game1.o(.data)
    lives                                    0x20000134   Data           4  game3.o(.data)
    setting                                  0x20000170   Data           2  menu.o(.data)
    HistoryCount                             0x20000174   Data           1  millis.o(.data)
    bme_flag                                 0x20000175   Data           1  millis.o(.data)
    bme_time                                 0x20000176   Data           1  millis.o(.data)
    log_time                                 0x20000177   Data           1  millis.o(.data)
    milliseconds                             0x2000017c   Data           4  millis.o(.data)
    MoveCheckFlag                            0x20000194   Data           1  sleep.o(.data)
    update                                   0x200001b5   Data           1  time.o(.data)
    timeDate                                 0x200001b6   Data           8  time.o(.data)
    iAng                                     0x200001e4   Data           1  tunemaker.o(.data)
    x1                                       0x200001e5   Data           1  tunemaker.o(.data)
    x2                                       0x200001e6   Data           1  tunemaker.o(.data)
    y1                                       0x200001e7   Data           1  tunemaker.o(.data)
    y2                                       0x200001e8   Data           1  tunemaker.o(.data)
    Cnt                                      0x200001ec   Data           4  tunemaker.o(.data)
    Cntv                                     0x200001f0   Data           4  tunemaker.o(.data)
    BatteryVol                               0x200001f4   Data           4  ui.o(.data)
    keep_on                                  0x200001f8   Data           1  pwrmgr.o(.data)
    pitch_a                                  0x200001fc   Data           2  pwrmgr.o(.data)
    roll_a                                   0x200001fe   Data           2  pwrmgr.o(.data)
    yaw_a                                    0x20000200   Data           2  pwrmgr.o(.data)
    _RoateValue                              0x2000020c   Data          16  oled_basic.o(.data)
    OledTimeMs                               0x20000220   Data           4  oled_config.o(.data)
    new_line_flag                            0x20000224   Data           1  gui_log_console.o(.data)
    show_last_line_ldx                       0x20000227   Data           1  gui_log_console.o(.data)
    now_str_length                           0x20000228   Data           1  gui_log_console.o(.data)
    page_flag                                0x20000229   Data           1  altitude_display.o(.data)
    __microlib_freelist                      0x20000230   Data           4  mvars.o(.data)
    __microlib_freelist_initialised          0x20000234   Data           4  mvars.o(.data)
    oledBuffer                               0x2000023c   Data        1024  lcd.o(.bss)
    calendar                                 0x2000063c   Data           9  ds3231.o(.bss)
    bme280_data                              0x20000648   Data          16  bme280.o(.bss)
    bme280_cal                               0x20000658   Data          40  bme280.o(.bss)
    USART_RX_BUF                             0x20000790   Data         200  usart.o(.bss)
    appConfig                                0x20000864   Data          12  appconfig.o(.bss)
    _GRAM                                    0x200008b9   Data          64  game3.o(.bss)
    menuData                                 0x200008fc   Data          36  menu.o(.bss)
    vert                                     0x20000929   Data          24  tunemaker.o(.bss)
    OLED_GRAM                                0x20000941   Data         512  tunemaker.o(.bss)
    ScreenBuffer                             0x20000b41   Data        1024  oled_buffer.o(.bss)
    TempBuffer                               0x20000f41   Data        1024  oled_buffer.o(.bss)
    string_buff                              0x20001341   Data         400  gui_log_console.o(.bss)
    firststr_buff                            0x200014d1   Data        1024  gui_log_console.o(.bss)
    historydat                               0x200018d4   Data         192  altitude_display.o(.bss)
    __heap_base                              0x20001998   Data           0  startup_stm32f10x_md.o(HEAP)
    __heap_limit                             0x20001b98   Data           0  startup_stm32f10x_md.o(HEAP)
    __initial_sp                             0x20001f98   Data           0  startup_stm32f10x_md.o(STACK)



==============================================================================

Memory Map of the image

  Image Entry point : 0x080000ed

  Load Region LR_IROM1 (Base: 0x08000000, Size: 0x00010174, Max: 0x00010000, ABSOLUTE, COMPRESSED[0x0000ffac])

    Execution Region ER_IROM1 (Exec base: 0x08000000, Load base: 0x08000000, Size: 0x0000ff38, Max: 0x00010000, ABSOLUTE)

    Exec Addr    Load Addr    Size         Type   Attr      Idx    E Section Name        Object

    0x08000000   0x08000000   0x000000ec   Data   RO          758    RESET               startup_stm32f10x_md.o
    0x080000ec   0x080000ec   0x00000000   Code   RO         1717  * .ARM.Collect$$$$00000000  mc_w.l(entry.o)
    0x080000ec   0x080000ec   0x00000004   Code   RO         2125    .ARM.Collect$$$$00000001  mc_w.l(entry2.o)
    0x080000f0   0x080000f0   0x00000004   Code   RO         2128    .ARM.Collect$$$$00000004  mc_w.l(entry5.o)
    0x080000f4   0x080000f4   0x00000000   Code   RO         2130    .ARM.Collect$$$$00000008  mc_w.l(entry7b.o)
    0x080000f4   0x080000f4   0x00000000   Code   RO         2132    .ARM.Collect$$$$0000000A  mc_w.l(entry8b.o)
    0x080000f4   0x080000f4   0x00000008   Code   RO         2133    .ARM.Collect$$$$0000000B  mc_w.l(entry9a.o)
    0x080000fc   0x080000fc   0x00000004   Code   RO         2140    .ARM.Collect$$$$0000000E  mc_w.l(entry12b.o)
    0x08000100   0x08000100   0x00000000   Code   RO         2135    .ARM.Collect$$$$0000000F  mc_w.l(entry10a.o)
    0x08000100   0x08000100   0x00000000   Code   RO         2137    .ARM.Collect$$$$00000011  mc_w.l(entry11a.o)
    0x08000100   0x08000100   0x00000004   Code   RO         2126    .ARM.Collect$$$$00002712  mc_w.l(entry2.o)
    0x08000104   0x08000104   0x00000280   Code   RO            1    .text               main.o
    0x08000384   0x08000384   0x00000012   Code   RO          341    .text               stm32f10x_it.o
    0x08000396   0x08000396   0x00000002   PAD
    0x08000398   0x08000398   0x00000158   Code   RO          382    .text               system_stm32f10x.o
    0x080004f0   0x080004f0   0x0000007c   Code   RO          400    .text               lcd.o
    0x0800056c   0x0800056c   0x000001cc   Code   RO          455    .text               beep.o
    0x08000738   0x08000738   0x000002dc   Code   RO          472    .text               i2c_soft.o
    0x08000a14   0x08000a14   0x000000e8   Code   RO          485    .text               adc.o
    0x08000afc   0x08000afc   0x000001f8   Code   RO          500    .text               ds3231.o
    0x08000cf4   0x08000cf4   0x0000068c   Code   RO          567    .text               bme280.o
    0x08001380   0x08001380   0x000002d4   Code   RO          593    .text               mpu_task.o
    0x08001654   0x08001654   0x00000358   Code   RO          613    .text               mpu6050.o
    0x080019ac   0x080019ac   0x00001a14   Code   RO          627    .text               inv_mpu.o
    0x080033c0   0x080033c0   0x00000a7c   Code   RO          654    .text               inv_mpu_dmp_motion_driver.o
    0x08003e3c   0x08003e3c   0x00000098   Code   RO          676    .text               delay.o
    0x08003ed4   0x08003ed4   0x00000104   Code   RO          707    .text               usart.o
    0x08003fd8   0x08003fd8   0x00000118   Code   RO          731    .text               nvic.o
    0x080040f0   0x080040f0   0x00000024   Code   RO          759    .text               startup_stm32f10x_md.o
    0x08004114   0x08004114   0x00000264   Code   RO          763    .text               stm32f10x_gpio.o
    0x08004378   0x08004378   0x000002b8   Code   RO          775    .text               stm32f10x_rcc.o
    0x08004630   0x08004630   0x00000328   Code   RO          789    .text               stm32f10x_usart.o
    0x08004958   0x08004958   0x000000b0   Code   RO          801    .text               misc.o
    0x08004a08   0x08004a08   0x00000af0   Code   RO          813    .text               stm32f10x_tim.o
    0x080054f8   0x080054f8   0x00000330   Code   RO          838    .text               stm32f10x_adc.o
    0x08005828   0x08005828   0x000000ac   Code   RO          862    .text               stm32f10x_pwr.o
    0x080058d4   0x080058d4   0x000000e8   Code   RO          874    .text               stm32f10x_exti.o
    0x080059bc   0x080059bc   0x00000264   Code   RO          886    .text               alarm.o
    0x08005c20   0x08005c20   0x00000404   Code   RO          902    .text               alarms.o
    0x08006024   0x08006024   0x000000c8   Code   RO          916    .text               animation.o
    0x080060ec   0x080060ec   0x00000028   Code   RO          930    .text               appconfig.o
    0x08006114   0x08006114   0x000001bc   Code   RO          949    .text               buttons.o
    0x080062d0   0x080062d0   0x00000164   Code   RO          964    .text               diag.o
    0x08006434   0x08006434   0x0000021c   Code   RO          979    .text               display.o
    0x08006650   0x08006650   0x0000020c   Code   RO          994    .text               draw.o
    0x0800685c   0x0800685c   0x00000408   Code   RO         1009    .text               game1.o
    0x08006c64   0x08006c64   0x0000040c   Code   RO         1027    .text               game2.o
    0x08007070   0x08007070   0x000003c0   Code   RO         1044    .text               game3.o
    0x08007430   0x08007430   0x000000c4   Code   RO         1094    .text               games.o
    0x080074f4   0x080074f4   0x00000018   Code   RO         1108    .text               global.o
    0x0800750c   0x0800750c   0x000001ec   Code   RO         1120    .text               m_display.o
    0x080076f8   0x080076f8   0x00000188   Code   RO         1141    .text               m_main.o
    0x08007880   0x08007880   0x00000410   Code   RO         1155    .text               menu.o
    0x08007c90   0x08007c90   0x0000019c   Code   RO         1177    .text               millis.o
    0x08007e2c   0x08007e2c   0x00000464   Code   RO         1196    .text               normal.o
    0x08008290   0x08008290   0x00000100   Code   RO         1264    .text               settings.o
    0x08008390   0x08008390   0x00000140   Code   RO         1278    .text               sleep.o
    0x080084d0   0x080084d0   0x0000015c   Code   RO         1293    .text               sound.o
    0x0800862c   0x0800862c   0x0000020c   Code   RO         1307    .text               stopwatch.o
    0x08008838   0x08008838   0x0000019c   Code   RO         1321    .text               time.o
    0x080089d4   0x080089d4   0x0000044c   Code   RO         1342    .text               timedate.o
    0x08008e20   0x08008e20   0x000000b4   Code   RO         1356    .text               torch.o
    0x08008ed4   0x08008ed4   0x00000070   Code   RO         1370    .text               tune.o
    0x08008f44   0x08008f44   0x00000384   Code   RO         1384    .text               tunemaker.o
    0x080092c8   0x080092c8   0x000000c4   Code   RO         1421    .text               ui.o
    0x0800938c   0x0800938c   0x000000dc   Code   RO         1436    .text               pwrmgr.o
    0x08009468   0x08009468   0x000004c4   Code   RO         1452    .text               oled_basic.o
    0x0800992c   0x0800992c   0x0000014c   Code   RO         1484    .text               oled_buffer.o
    0x08009a78   0x08009a78   0x0000001c   Code   RO         1504    .text               oled_color.o
    0x08009a94   0x08009a94   0x00000034   Code   RO         1518    .text               oled_config.o
    0x08009ac8   0x08009ac8   0x00000284   Code   RO         1582    .text               oled_driver.o
    0x08009d4c   0x08009d4c   0x00000248   Code   RO         1628    .text               gui_log_console.o
    0x08009f94   0x08009f94   0x00000194   Code   RO         1650    .text               my_menu.o
    0x0800a128   0x0800a128   0x000001c4   Code   RO         1666    .text               altitude_display.o
    0x0800a2ec   0x0800a2ec   0x00000062   Code   RO         1720    .text               mc_w.l(ldiv.o)
    0x0800a34e   0x0800a34e   0x00000002   PAD
    0x0800a350   0x0800a350   0x00000024   Code   RO         1722    .text               mc_w.l(rand.o)
    0x0800a374   0x0800a374   0x00000024   Code   RO         1725    .text               mc_w.l(memcpya.o)
    0x0800a398   0x0800a398   0x00000024   Code   RO         1727    .text               mc_w.l(memseta.o)
    0x0800a3bc   0x0800a3bc   0x00000018   Code   RO         1729    .text               mc_w.l(strcat.o)
    0x0800a3d4   0x0800a3d4   0x0000000e   Code   RO         1731    .text               mc_w.l(strlen.o)
    0x0800a3e2   0x0800a3e2   0x0000001a   Code   RO         1733    .text               mc_w.l(memcmp.o)
    0x0800a3fc   0x0800a3fc   0x00000012   Code   RO         1735    .text               mc_w.l(strcpy.o)
    0x0800a40e   0x0800a40e   0x0000001c   Code   RO         2028    .text               mc_w.l(calloc.o)
    0x0800a42a   0x0800a42a   0x000000b0   Code   RO         2030    .text               mf_w.l(fadd.o)
    0x0800a4da   0x0800a4da   0x00000064   Code   RO         2032    .text               mf_w.l(fmul.o)
    0x0800a53e   0x0800a53e   0x0000007c   Code   RO         2034    .text               mf_w.l(fdiv.o)
    0x0800a5ba   0x0800a5ba   0x00000018   Code   RO         2036    .text               mf_w.l(fscalb.o)
    0x0800a5d2   0x0800a5d2   0x0000014e   Code   RO         2038    .text               mf_w.l(dadd.o)
    0x0800a720   0x0800a720   0x000000e4   Code   RO         2040    .text               mf_w.l(dmul.o)
    0x0800a804   0x0800a804   0x000000de   Code   RO         2042    .text               mf_w.l(ddiv.o)
    0x0800a8e2   0x0800a8e2   0x0000002e   Code   RO         2044    .text               mf_w.l(dscalb.o)
    0x0800a910   0x0800a910   0x00000012   Code   RO         2046    .text               mf_w.l(fflti.o)
    0x0800a922   0x0800a922   0x0000000a   Code   RO         2048    .text               mf_w.l(ffltui.o)
    0x0800a92c   0x0800a92c   0x00000022   Code   RO         2050    .text               mf_w.l(dflti.o)
    0x0800a94e   0x0800a94e   0x0000001a   Code   RO         2052    .text               mf_w.l(dfltui.o)
    0x0800a968   0x0800a968   0x00000032   Code   RO         2054    .text               mf_w.l(ffixi.o)
    0x0800a99a   0x0800a99a   0x00000028   Code   RO         2056    .text               mf_w.l(ffixui.o)
    0x0800a9c2   0x0800a9c2   0x0000003e   Code   RO         2058    .text               mf_w.l(dfixi.o)
    0x0800aa00   0x0800aa00   0x00000032   Code   RO         2060    .text               mf_w.l(dfixui.o)
    0x0800aa32   0x0800aa32   0x00000026   Code   RO         2062    .text               mf_w.l(f2d.o)
    0x0800aa58   0x0800aa58   0x00000030   Code   RO         2064    .text               mf_w.l(cdcmple.o)
    0x0800aa88   0x0800aa88   0x00000030   Code   RO         2066    .text               mf_w.l(cdrcmple.o)
    0x0800aab8   0x0800aab8   0x00000038   Code   RO         2068    .text               mf_w.l(d2f.o)
    0x0800aaf0   0x0800aaf0   0x00000014   Code   RO         2070    .text               mf_w.l(cfcmple.o)
    0x0800ab04   0x0800ab04   0x00000014   Code   RO         2072    .text               mf_w.l(cfrcmple.o)
    0x0800ab18   0x0800ab18   0x0000002c   Code   RO         2141    .text               mc_w.l(uidiv.o)
    0x0800ab44   0x0800ab44   0x00000062   Code   RO         2143    .text               mc_w.l(uldiv.o)
    0x0800aba6   0x0800aba6   0x0000001e   Code   RO         2145    .text               mc_w.l(llshl.o)
    0x0800abc4   0x0800abc4   0x00000020   Code   RO         2147    .text               mc_w.l(llushr.o)
    0x0800abe4   0x0800abe4   0x00000024   Code   RO         2149    .text               mc_w.l(llsshr.o)
    0x0800ac08   0x0800ac08   0x00000000   Code   RO         2160    .text               mc_w.l(iusefp.o)
    0x0800ac08   0x0800ac08   0x0000006e   Code   RO         2161    .text               mf_w.l(fepilogue.o)
    0x0800ac76   0x0800ac76   0x000000ba   Code   RO         2163    .text               mf_w.l(depilogue.o)
    0x0800ad30   0x0800ad30   0x00000030   Code   RO         2165    .text               mf_w.l(dfixul.o)
    0x0800ad60   0x0800ad60   0x00000024   Code   RO         2167    .text               mc_w.l(init.o)
    0x0800ad84   0x0800ad84   0x000000a2   Code   RO         2169    .text               mf_w.l(dsqrt.o)
    0x0800ae26   0x0800ae26   0x00000056   Code   RO         2179    .text               mc_w.l(__dczerorl2.o)
    0x0800ae7c   0x0800ae7c   0x00000020   Code   RO         1972    i.__0printf         mc_w.l(printfa.o)
    0x0800ae9c   0x0800ae9c   0x00000028   Code   RO         1974    i.__0sprintf        mc_w.l(printfa.o)
    0x0800aec4   0x0800aec4   0x00000024   Code   RO         1978    i.__0vsprintf       mc_w.l(printfa.o)
    0x0800aee8   0x0800aee8   0x00000028   Code   RO         2101    i.__ARM_fpclassify  m_ws.l(fpclassify.o)
    0x0800af10   0x0800af10   0x00000388   Code   RO         2106    i.__ieee754_rem_pio2  m_ws.l(rred.o)
    0x0800b298   0x0800b298   0x000000fc   Code   RO         2084    i.__kernel_cos      m_ws.l(cos_i.o)
    0x0800b394   0x0800b394   0x000000aa   Code   RO         2103    i.__kernel_poly     m_ws.l(poly.o)
    0x0800b43e   0x0800b43e   0x00000002   PAD
    0x0800b440   0x0800b440   0x000000ec   Code   RO         2111    i.__kernel_sin      m_ws.l(sin_i.o)
    0x0800b52c   0x0800b52c   0x00000006   Code   RO         2088    i.__mathlib_dbl_infnan  m_ws.l(dunder.o)
    0x0800b532   0x0800b532   0x00000004   Code   RO         2089    i.__mathlib_dbl_infnan2  m_ws.l(dunder.o)
    0x0800b536   0x0800b536   0x0000000c   Code   RO         2090    i.__mathlib_dbl_invalid  m_ws.l(dunder.o)
    0x0800b542   0x0800b542   0x00000002   PAD
    0x0800b544   0x0800b544   0x00000010   Code   RO         2093    i.__mathlib_dbl_underflow  m_ws.l(dunder.o)
    0x0800b554   0x0800b554   0x0000000e   Code   RO         2173    i.__scatterload_copy  mc_w.l(handlers.o)
    0x0800b562   0x0800b562   0x00000002   Code   RO         2174    i.__scatterload_null  mc_w.l(handlers.o)
    0x0800b564   0x0800b564   0x0000000e   Code   RO         2175    i.__scatterload_zeroinit  mc_w.l(handlers.o)
    0x0800b572   0x0800b572   0x00000002   PAD
    0x0800b574   0x0800b574   0x0000000c   Code   RO         2155    i.__set_errno       mc_w.l(errno.o)
    0x0800b580   0x0800b580   0x00000184   Code   RO         1979    i._fp_digits        mc_w.l(printfa.o)
    0x0800b704   0x0800b704   0x000006b4   Code   RO         1980    i._printf_core      mc_w.l(printfa.o)
    0x0800bdb8   0x0800bdb8   0x00000024   Code   RO         1981    i._printf_post_padding  mc_w.l(printfa.o)
    0x0800bddc   0x0800bddc   0x0000002e   Code   RO         1982    i._printf_pre_padding  mc_w.l(printfa.o)
    0x0800be0a   0x0800be0a   0x0000000a   Code   RO         1984    i._sputc            mc_w.l(printfa.o)
    0x0800be14   0x0800be14   0x00000270   Code   RO         1684    i.asin              m_ws.l(asin.o)
    0x0800c084   0x0800c084   0x00000220   Code   RO         2075    i.atan              m_ws.l(atan.o)
    0x0800c2a4   0x0800c2a4   0x0000019c   Code   RO         1694    i.atan2             m_ws.l(atan2.o)
    0x0800c440   0x0800c440   0x0000009c   Code   RO         1702    i.cos               m_ws.l(cos.o)
    0x0800c4dc   0x0800c4dc   0x00000050   Code   RO         2000    i.free              mc_w.l(malloc.o)
    0x0800c52c   0x0800c52c   0x0000006c   Code   RO         2001    i.malloc            mc_w.l(malloc.o)
    0x0800c598   0x0800c598   0x000000a0   Code   RO         1710    i.sin               m_ws.l(sin.o)
    0x0800c638   0x0800c638   0x0000004c   Code   RO         2118    i.sqrt              m_ws.l(sqrt.o)
    0x0800c684   0x0800c684   0x000000ec   Data   RO            2    .constdata          main.o
    0x0800c770   0x0800c770   0x000003e8   Data   RO            3    .constdata          main.o
    0x0800cb58   0x0800cb58   0x0000001b   Data   RO          628    .constdata          inv_mpu.o
    0x0800cb73   0x0800cb73   0x00000001   PAD
    0x0800cb74   0x0800cb74   0x0000000c   Data   RO          629    .constdata          inv_mpu.o
    0x0800cb80   0x0800cb80   0x00000028   Data   RO          630    .constdata          inv_mpu.o
    0x0800cba8   0x0800cba8   0x00000bf6   Data   RO          656    .constdata          inv_mpu_dmp_motion_driver.o
    0x0800d79e   0x0800d79e   0x00000011   Data   RO         1011    .constdata          game1.o
    0x0800d7af   0x0800d7af   0x00000026   Data   RO         1029    .constdata          game2.o
    0x0800d7d5   0x0800d7d5   0x00000003   PAD
    0x0800d7d8   0x0800d7d8   0x00000030   Data   RO         1046    .constdata          game3.o
    0x0800d808   0x0800d808   0x0000001e   Data   RO         1047    .constdata          game3.o
    0x0800d826   0x0800d826   0x00000005   Data   RO         1157    .constdata          menu.o
    0x0800d82b   0x0800d82b   0x00000008   Data   RO         1216    .constdata          resources.o
    0x0800d833   0x0800d833   0x0000001c   Data   RO         1217    .constdata          resources.o
    0x0800d84f   0x0800d84f   0x00000030   Data   RO         1218    .constdata          resources.o
    0x0800d87f   0x0800d87f   0x00000007   Data   RO         1219    .constdata          resources.o
    0x0800d886   0x0800d886   0x00000008   Data   RO         1220    .constdata          resources.o
    0x0800d88e   0x0800d88e   0x00000080   Data   RO         1222    .constdata          resources.o
    0x0800d90e   0x0800d90e   0x00000080   Data   RO         1223    .constdata          resources.o
    0x0800d98e   0x0800d98e   0x00000080   Data   RO         1224    .constdata          resources.o
    0x0800da0e   0x0800da0e   0x00000080   Data   RO         1225    .constdata          resources.o
    0x0800da8e   0x0800da8e   0x00000080   Data   RO         1226    .constdata          resources.o
    0x0800db0e   0x0800db0e   0x00000200   Data   RO         1227    .constdata          resources.o
    0x0800dd0e   0x0800dd0e   0x00000080   Data   RO         1228    .constdata          resources.o
    0x0800dd8e   0x0800dd8e   0x00000100   Data   RO         1229    .constdata          resources.o
    0x0800de8e   0x0800de8e   0x00000200   Data   RO         1230    .constdata          resources.o
    0x0800e08e   0x0800e08e   0x00000080   Data   RO         1231    .constdata          resources.o
    0x0800e10e   0x0800e10e   0x00000080   Data   RO         1232    .constdata          resources.o
    0x0800e18e   0x0800e18e   0x00000080   Data   RO         1233    .constdata          resources.o
    0x0800e20e   0x0800e20e   0x00000010   Data   RO         1234    .constdata          resources.o
    0x0800e21e   0x0800e21e   0x00000010   Data   RO         1235    .constdata          resources.o
    0x0800e22e   0x0800e22e   0x00000010   Data   RO         1236    .constdata          resources.o
    0x0800e23e   0x0800e23e   0x00000010   Data   RO         1237    .constdata          resources.o
    0x0800e24e   0x0800e24e   0x000001e5   Data   RO         1238    .constdata          resources.o
    0x0800e433   0x0800e433   0x00000008   Data   RO         1239    .constdata          resources.o
    0x0800e43b   0x0800e43b   0x0000023a   Data   RO         1240    .constdata          resources.o
    0x0800e675   0x0800e675   0x000000dc   Data   RO         1241    .constdata          resources.o
    0x0800e751   0x0800e751   0x00000012   Data   RO         1242    .constdata          resources.o
    0x0800e763   0x0800e763   0x00000024   Data   RO         1243    .constdata          resources.o
    0x0800e787   0x0800e787   0x00000024   Data   RO         1244    .constdata          resources.o
    0x0800e7ab   0x0800e7ab   0x00000080   Data   RO         1245    .constdata          resources.o
    0x0800e82b   0x0800e82b   0x00000080   Data   RO         1246    .constdata          resources.o
    0x0800e8ab   0x0800e8ab   0x00000080   Data   RO         1247    .constdata          resources.o
    0x0800e92b   0x0800e92b   0x00000080   Data   RO         1248    .constdata          resources.o
    0x0800e9ab   0x0800e9ab   0x00000080   Data   RO         1249    .constdata          resources.o
    0x0800ea2b   0x0800ea2b   0x00000080   Data   RO         1250    .constdata          resources.o
    0x0800eaab   0x0800eaab   0x00000080   Data   RO         1251    .constdata          resources.o
    0x0800eb2b   0x0800eb2b   0x0000000c   Data   RO         1323    .constdata          time.o
    0x0800eb37   0x0800eb37   0x00000001   PAD
    0x0800eb38   0x0800eb38   0x00001140   Data   RO         1386    .constdata          tunemaker.o
    0x0800fc78   0x0800fc78   0x00000010   Data   RO         1405    .constdata          tunes.o
    0x0800fc88   0x0800fc88   0x00000010   Data   RO         1407    .constdata          tunes.o
    0x0800fc98   0x0800fc98   0x00000010   Data   RO         1408    .constdata          tunes.o
    0x0800fca8   0x0800fca8   0x00000010   Data   RO         1409    .constdata          tunes.o
    0x0800fcb8   0x0800fcb8   0x00000050   Data   RO         1685    .constdata          m_ws.l(asin.o)
    0x0800fd08   0x0800fd08   0x00000098   Data   RO         2076    .constdata          m_ws.l(atan.o)
    0x0800fda0   0x0800fda0   0x00000030   Data   RO         2085    .constdata          m_ws.l(cos_i.o)
    0x0800fdd0   0x0800fdd0   0x00000008   Data   RO         2105    .constdata          m_ws.l(qnan.o)
    0x0800fdd8   0x0800fdd8   0x000000c8   Data   RO         2108    .constdata          m_ws.l(rred.o)
    0x0800fea0   0x0800fea0   0x00000028   Data   RO         2112    .constdata          m_ws.l(sin_i.o)
    0x0800fec8   0x0800fec8   0x0000004d   Data   RO          631    .conststring        inv_mpu.o
    0x0800ff15   0x0800ff15   0x00000003   PAD
    0x0800ff18   0x0800ff18   0x00000020   Data   RO         2171    Region$$Table       anon$$obj.o


    Execution Region RW_IRAM1 (Exec base: 0x20000000, Load base: 0x0800ff38, Size: 0x00001f98, Max: 0x00005000, ABSOLUTE, COMPRESSED[0x00000074])

    Exec Addr    Load Addr    Size         Type   Attr      Idx    E Section Name        Object

    0x20000000   COMPRESSED   0x00000001   Data   RW            4    .data               main.o
    0x20000001   COMPRESSED   0x00000003   PAD
    0x20000004   COMPRESSED   0x00000014   Data   RW          383    .data               system_stm32f10x.o
    0x20000018   COMPRESSED   0x0000000c   Data   RW          456    .data               beep.o
    0x20000024   COMPRESSED   0x00000004   Data   RW          510    .data               ds3231.o
    0x20000028   COMPRESSED   0x0000000c   Data   RW          569    .data               bme280.o
    0x20000034   COMPRESSED   0x00000018   Data   RW          595    .data               mpu_task.o
    0x2000004c   COMPRESSED   0x00000002   Data   RW          614    .data               mpu6050.o
    0x2000004e   COMPRESSED   0x00000002   PAD
    0x20000050   COMPRESSED   0x00000035   Data   RW          632    .data               inv_mpu.o
    0x20000085   COMPRESSED   0x00000001   PAD
    0x20000086   COMPRESSED   0x00000004   Data   RW          677    .data               delay.o
    0x2000008a   COMPRESSED   0x00000002   Data   RW          709    .data               usart.o
    0x2000008c   COMPRESSED   0x00000004   Data   RW          710    .data               usart.o
    0x20000090   COMPRESSED   0x00000001   Data   RW          732    .data               nvic.o
    0x20000091   COMPRESSED   0x00000014   Data   RW          776    .data               stm32f10x_rcc.o
    0x200000a5   COMPRESSED   0x00000003   PAD
    0x200000a8   COMPRESSED   0x00000023   Data   RW          887    .data               alarm.o
    0x200000cb   COMPRESSED   0x00000001   PAD
    0x200000cc   COMPRESSED   0x00000010   Data   RW          903    .data               alarms.o
    0x200000dc   COMPRESSED   0x00000004   Data   RW          951    .data               buttons.o
    0x200000e0   COMPRESSED   0x00000008   Data   RW          965    .data               diag.o
    0x200000e8   COMPRESSED   0x00000016   Data   RW          980    .data               display.o
    0x200000fe   COMPRESSED   0x00000002   PAD
    0x20000100   COMPRESSED   0x00000010   Data   RW         1012    .data               game1.o
    0x20000110   COMPRESSED   0x00000014   Data   RW         1030    .data               game2.o
    0x20000124   COMPRESSED   0x00000004   PAD
    0x20000128   COMPRESSED   0x00000028   Data   RW         1048    .data               game3.o
    0x20000150   COMPRESSED   0x00000008   Data   RW         1095    .data               games.o
    0x20000158   COMPRESSED   0x00000008   Data   RW         1121    .data               m_display.o
    0x20000160   COMPRESSED   0x00000008   Data   RW         1142    .data               m_main.o
    0x20000168   COMPRESSED   0x00000008   Data   RW         1158    .data               menu.o
    0x20000170   COMPRESSED   0x00000002   Data   RW         1159    .data               menu.o
    0x20000172   COMPRESSED   0x00000002   PAD
    0x20000174   COMPRESSED   0x0000000c   Data   RW         1178    .data               millis.o
    0x20000180   COMPRESSED   0x0000000b   Data   RW         1197    .data               normal.o
    0x2000018b   COMPRESSED   0x00000001   PAD
    0x2000018c   COMPRESSED   0x00000008   Data   RW         1265    .data               settings.o
    0x20000194   COMPRESSED   0x0000000c   Data   RW         1279    .data               sleep.o
    0x200001a0   COMPRESSED   0x00000008   Data   RW         1294    .data               sound.o
    0x200001a8   COMPRESSED   0x0000000c   Data   RW         1308    .data               stopwatch.o
    0x200001b4   COMPRESSED   0x0000000a   Data   RW         1324    .data               time.o
    0x200001be   COMPRESSED   0x00000002   PAD
    0x200001c0   COMPRESSED   0x00000014   Data   RW         1343    .data               timedate.o
    0x200001d4   COMPRESSED   0x00000008   Data   RW         1357    .data               torch.o
    0x200001dc   COMPRESSED   0x00000008   Data   RW         1371    .data               tune.o
    0x200001e4   COMPRESSED   0x00000010   Data   RW         1387    .data               tunemaker.o
    0x200001f4   COMPRESSED   0x00000004   Data   RW         1422    .data               ui.o
    0x200001f8   COMPRESSED   0x0000000a   Data   RW         1437    .data               pwrmgr.o
    0x20000202   COMPRESSED   0x00000002   PAD
    0x20000204   COMPRESSED   0x00000018   Data   RW         1453    .data               oled_basic.o
    0x2000021c   COMPRESSED   0x00000001   Data   RW         1486    .data               oled_buffer.o
    0x2000021d   COMPRESSED   0x00000002   Data   RW         1505    .data               oled_color.o
    0x2000021f   COMPRESSED   0x00000001   PAD
    0x20000220   COMPRESSED   0x00000004   Data   RW         1519    .data               oled_config.o
    0x20000224   COMPRESSED   0x00000005   Data   RW         1631    .data               gui_log_console.o
    0x20000229   COMPRESSED   0x00000001   Data   RW         1668    .data               altitude_display.o
    0x2000022a   COMPRESSED   0x00000002   PAD
    0x2000022c   COMPRESSED   0x00000004   Data   RW         1723    .data               mc_w.l(rand.o)
    0x20000230   COMPRESSED   0x00000004   Data   RW         2151    .data               mc_w.l(mvars.o)
    0x20000234   COMPRESSED   0x00000004   Data   RW         2152    .data               mc_w.l(mvars.o)
    0x20000238   COMPRESSED   0x00000004   Data   RW         2156    .data               mc_w.l(errno.o)
    0x2000023c        -       0x00000400   Zero   RW          401    .bss                lcd.o
    0x2000063c        -       0x00000009   Zero   RW          501    .bss                ds3231.o
    0x20000645   COMPRESSED   0x00000003   PAD
    0x20000648        -       0x00000038   Zero   RW          568    .bss                bme280.o
    0x20000680        -       0x00000100   Zero   RW          594    .bss                mpu_task.o
    0x20000780        -       0x00000010   Zero   RW          655    .bss                inv_mpu_dmp_motion_driver.o
    0x20000790        -       0x000000c8   Zero   RW          708    .bss                usart.o
    0x20000858        -       0x0000000c   Zero   RW          917    .bss                animation.o
    0x20000864        -       0x0000000c   Zero   RW          931    .bss                appconfig.o
    0x20000870        -       0x00000030   Zero   RW          950    .bss                buttons.o
    0x200008a0        -       0x00000010   Zero   RW         1010    .bss                game1.o
    0x200008b0        -       0x00000009   Zero   RW         1028    .bss                game2.o
    0x200008b9        -       0x00000040   Zero   RW         1045    .bss                game3.o
    0x200008f9   COMPRESSED   0x00000003   PAD
    0x200008fc        -       0x00000024   Zero   RW         1156    .bss                menu.o
    0x20000920        -       0x00000009   Zero   RW         1322    .bss                time.o
    0x20000929        -       0x00000218   Zero   RW         1385    .bss                tunemaker.o
    0x20000b41        -       0x00000800   Zero   RW         1485    .bss                oled_buffer.o
    0x20001341        -       0x00000590   Zero   RW         1629    .bss                gui_log_console.o
    0x200018d1   COMPRESSED   0x00000003   PAD
    0x200018d4        -       0x000000c0   Zero   RW         1667    .bss                altitude_display.o
    0x20001994   COMPRESSED   0x00000004   PAD
    0x20001998        -       0x00000200   Zero   RW          757    HEAP                startup_stm32f10x_md.o
    0x20001b98        -       0x00000400   Zero   RW          756    STACK               startup_stm32f10x_md.o


==============================================================================

Image component sizes


      Code (inc. data)   RO Data    RW Data    ZI Data      Debug   Object Name

       232          8          0          0          0       1127   adc.o
       612         28          0         35          0       4175   alarm.o
      1028        118          0         16          0       3982   alarms.o
       452        118          0          1        192       2469   altitude_display.o
       200         10          0          0         12       1776   animation.o
        40          6          0          0         12       1446   appconfig.o
       460         20          0         12          0       2321   beep.o
      1676        118          0         12         56       5737   bme280.o
       444         32          0          4         48       3518   buttons.o
       152         14          0          4          0       1127   delay.o
       356        148          0          8          0       1838   diag.o
       540         18          0         22          0       3404   display.o
       524         10          0          0          0       4312   draw.o
       504         16          0          4          9       8244   ds3231.o
      1032         86         17         16         16       3513   game1.o
      1036         94         38         20          9       3412   game2.o
       960        114         78         40         64       6077   game3.o
       196         84          0          8          0       1373   games.o
        24          0          0          0          0        892   global.o
       584         26          0          5       1424       3831   gui_log_console.o
       732          6          0          0          0       4147   i2c_soft.o
      6676        180        156         53          0      24835   inv_mpu.o
      2684        118       3062          0         16      15433   inv_mpu_dmp_motion_driver.o
       124         10          0          0       1024       1665   lcd.o
       492        142          0          8          0       2868   m_display.o
       392        186          0          8          0       1548   m_main.o
       640        242       1236          1          0     269748   main.o
      1040         48          5         10         36       7512   menu.o
       412         62          0         12          0       1428   millis.o
       176         14          0          0          0       1941   misc.o
       856         28          0          2          0       5154   mpu6050.o
       724         74          0         24        256       3288   mpu_task.o
       404        156          0          0          0       1230   my_menu.o
      1124        106          0         11          0       3061   normal.o
       280         12          0          1          0       1228   nvic.o
      1220         26          0         24          0       7684   oled_basic.o
       332         14          0          1       2048       3584   oled_buffer.o
        28          4          0          2          0       1154   oled_color.o
        52         12          0          4          0       1125   oled_config.o
         0          0          0          0          0        600   oled_debug.o
       644          6          0          0          0       3084   oled_driver.o
       220         10          0         10          0       2284   pwrmgr.o
         0          0       4864          0          0       2434   resources.o
       256        124          0          8          0        988   settings.o
       320         92          0         12          0       1869   sleep.o
       348         88          0          8          0       2113   sound.o
        36          8        236          0       1536        792   startup_stm32f10x_md.o
       816         24          0          0          0      11393   stm32f10x_adc.o
       232          8          0          0          0       2447   stm32f10x_exti.o
       612         36          0          0          0       6069   stm32f10x_gpio.o
        18          0          0          0          0       1178   stm32f10x_it.o
       172         12          0          0          0       2003   stm32f10x_pwr.o
       696         32          0         20          0       9068   stm32f10x_rcc.o
      2800         84          0          0          0      24006   stm32f10x_tim.o
       808         22          0          0          0       8932   stm32f10x_usart.o
       524         44          0         12          0       2291   stopwatch.o
         0          0          0          0          0         32   sys.o
       344         34          0         20          0       1843   system_stm32f10x.o
       412         42         12         10          9       3823   time.o
      1100        172          0         20          0       4356   timedate.o
       180         24          0          8          0       1225   torch.o
       112          8          0          8          0       1534   tune.o
       900         80       4416         16        536       3762   tunemaker.o
         0          0         64          0          0        871   tunes.o
       196         58          0          4          0        851   ui.o
       260         16          0          6        200       3314   usart.o

    ----------------------------------------------------------------------
     41448       3532      14224        556       7516     526369   Object Totals
         0          0         32          0          0          0   (incl. Generated)
         2          0          8         26         13          0   (incl. Padding)

    ----------------------------------------------------------------------

      Code (inc. data)   RO Data    RW Data    ZI Data      Debug   Library Member Name

       624         52         80          0          0        168   asin.o
       544         70        152          0          0        124   atan.o
       412         38          0          0          0        144   atan2.o
       156          8          0          0          0        104   cos.o
       252         22         48          0          0        124   cos_i.o
        38          6          0          0          0        272   dunder.o
        40          0          0          0          0         68   fpclassify.o
       170          0          0          0          0         96   poly.o
         0          0          8          0          0          0   qnan.o
       904         76        200          0          0        140   rred.o
       160         10          0          0          0        108   sin.o
       236         12         40          0          0        128   sin_i.o
        76          0          0          0          0         84   sqrt.o
        86          0          0          0          0          0   __dczerorl2.o
        28          0          0          0          0         76   calloc.o
         0          0          0          0          0          0   entry.o
         0          0          0          0          0          0   entry10a.o
         0          0          0          0          0          0   entry11a.o
         4          0          0          0          0          0   entry12b.o
         8          4          0          0          0          0   entry2.o
         4          0          0          0          0          0   entry5.o
         0          0          0          0          0          0   entry7b.o
         0          0          0          0          0          0   entry8b.o
         8          4          0          0          0          0   entry9a.o
        12          6          0          4          0         68   errno.o
        30          0          0          0          0          0   handlers.o
        36          8          0          0          0         68   init.o
         0          0          0          0          0          0   iusefp.o
        98          0          0          0          0         84   ldiv.o
        30          0          0          0          0         68   llshl.o
        36          0          0          0          0         68   llsshr.o
        32          0          0          0          0         68   llushr.o
       188         20          0          0          0        160   malloc.o
        26          0          0          0          0         80   memcmp.o
        36          0          0          0          0         68   memcpya.o
        36          0          0          0          0        108   memseta.o
         0          0          0          8          0          0   mvars.o
      2304        102          0          0          0        696   printfa.o
        36         10          0          4          0        136   rand.o
        24          0          0          0          0         68   strcat.o
        18          0          0          0          0         68   strcpy.o
        14          0          0          0          0         68   strlen.o
        44          0          0          0          0         80   uidiv.o
        98          0          0          0          0         92   uldiv.o
        48          0          0          0          0         68   cdcmple.o
        48          0          0          0          0         68   cdrcmple.o
        20          0          0          0          0         68   cfcmple.o
        20          0          0          0          0         68   cfrcmple.o
        56          0          0          0          0         88   d2f.o
       334          0          0          0          0        148   dadd.o
       222          0          0          0          0        100   ddiv.o
       186          0          0          0          0        176   depilogue.o
        62          0          0          0          0         80   dfixi.o
        50          0          0          0          0         76   dfixui.o
        48          0          0          0          0         68   dfixul.o
        34          0          0          0          0         76   dflti.o
        26          0          0          0          0         76   dfltui.o
       228          0          0          0          0         96   dmul.o
        46          0          0          0          0         80   dscalb.o
       162          0          0          0          0        100   dsqrt.o
        38          0          0          0          0         68   f2d.o
       176          0          0          0          0        140   fadd.o
       124          0          0          0          0         88   fdiv.o
       110          0          0          0          0        168   fepilogue.o
        50          0          0          0          0         68   ffixi.o
        40          0          0          0          0         68   ffixui.o
        18          0          0          0          0         68   fflti.o
        10          0          0          0          0         68   ffltui.o
       100          0          0          0          0         76   fmul.o
        24          0          0          0          0         68   fscalb.o

    ----------------------------------------------------------------------
      9136        448        528         16          0       6000   Library Totals
         8          0          0          0          0          0   (incl. Padding)

    ----------------------------------------------------------------------

      Code (inc. data)   RO Data    RW Data    ZI Data      Debug   Library Name

      3612        294        528          0          0       1560   m_ws.l
      3236        154          0         16          0       2124   mc_w.l
      2280          0          0          0          0       2316   mf_w.l

    ----------------------------------------------------------------------
      9136        448        528         16          0       6000   Library Totals

    ----------------------------------------------------------------------

==============================================================================


      Code (inc. data)   RO Data    RW Data    ZI Data      Debug   

     50584       3980      14752        572       7516     521993   Grand Totals
     50584       3980      14752        116       7516     521993   ELF Image Totals (compressed)
     50584       3980      14752        116          0          0   ROM Totals

==============================================================================

    Total RO  Size (Code + RO Data)                65336 (  63.80kB)
    Total RW  Size (RW Data + ZI Data)              8088 (   7.90kB)
    Total ROM Size (Code + RO Data + RW Data)      65452 (  63.92kB)

==============================================================================

